start work!
/dataServer/orderByDay  used  0 ms
